minnu@hplaptop-minnu:~$ cd Downloads/
minnu@hplaptop-minnu:~/Downloads$ ssh -i Minnu.pem ubuntu@3.137.198.48
Welcome to Ubuntu 22.04.5 LTS (GNU/Linux 6.8.0-1029-aws x86_64)

 * Documentation:  https://help.ubuntu.com
 * Management:     https://landscape.canonical.com
 * Support:        https://ubuntu.com/pro

 System information as of Fri Jul 18 07:13:08 UTC 2025

  System load:  0.0               Processes:             108
  Usage of /:   22.6% of 7.57GB   Users logged in:       0
  Memory usage: 5%                IPv4 address for eth0: 172.31.8.168
  Swap usage:   0%


Expanded Security Maintenance for Applications is not enabled.

0 updates can be applied immediately.

Enable ESM Apps to receive additional future security updates.
See https://ubuntu.com/esm or run: sudo pro status


The list of available updates is more than a week old.
To check for new updates run: sudo apt update
New release '24.04.2 LTS' available.
Run 'do-release-upgrade' to upgrade to it.


Last login: Fri Jul 18 04:31:51 2025 from 117.216.229.5
To run a command as administrator (user "root"), use "sudo <command>".
See "man sudo_root" for details.

ubuntu@ip-172-31-8-168:~$ ls
sample
ubuntu@ip-172-31-8-168:~$ cd
ubuntu@ip-172-31-8-168:~$ whoami
ubuntu
ubuntu@ip-172-31-8-168:~$ lsblk
NAME     MAJ:MIN RM  SIZE RO TYPE MOUNTPOINTS
loop0      7:0    0 27.2M  1 loop /snap/amazon-ssm-agent/11320
loop1      7:1    0 63.8M  1 loop /snap/core20/2571
loop2      7:2    0 73.9M  1 loop /snap/core22/1963
loop3      7:3    0 89.4M  1 loop /snap/lxd/31333
loop4      7:4    0 50.9M  1 loop /snap/snapd/24671
xvda     202:0    0    8G  0 disk 
├─xvda1  202:1    0  7.9G  0 part /
├─xvda14 202:14   0    4M  0 part 
└─xvda15 202:15   0  106M  0 part /boot/efi
ubuntu@ip-172-31-8-168:~$ free -h
               total        used        free      shared  buff/cache   available
Mem:           3.8Gi       192Mi       3.1Gi       0.0Ki       501Mi       3.4Gi
Swap:             0B          0B          0B
ubuntu@ip-172-31-8-168:~$ mkdir my-project
ubuntu@ip-172-31-8-168:~$ cd my-project/
ubuntu@ip-172-31-8-168:~/my-project$ git init
hint: Using 'master' as the name for the initial branch. This default branch name
hint: is subject to change. To configure the initial branch name to use in all
hint: of your new repositories, which will suppress this warning, call:
hint: 
hint: 	git config --global init.defaultBranch <name>
hint: 
hint: Names commonly chosen instead of 'master' are 'main', 'trunk' and
hint: 'development'. The just-created branch can be renamed via this command:
hint: 
hint: 	git branch -m <name>
Initialized empty Git repository in /home/ubuntu/my-project/.git/
ubuntu@ip-172-31-8-168:~/my-project$ git status
On branch master

No commits yet

nothing to commit (create/copy files and use "git add" to track)
ubuntu@ip-172-31-8-168:~/my-project$ touch newfile.txt
ubuntu@ip-172-31-8-168:~/my-project$ vim newfile.txt 
ubuntu@ip-172-31-8-168:~/my-project$ git status
On branch master

No commits yet

Untracked files:
  (use "git add <file>..." to include in what will be committed)
	newfile.txt

nothing added to commit but untracked files present (use "git add" to track)
ubuntu@ip-172-31-8-168:~/my-project$ git add.
git: 'add.' is not a git command. See 'git --help'.

The most similar command is
	add
ubuntu@ip-172-31-8-168:~/my-project$ git add .
ubuntu@ip-172-31-8-168:~/my-project$ git status
On branch master

No commits yet

Changes to be committed:
  (use "git rm --cached <file>..." to unstage)
	new file:   newfile.txt

ubuntu@ip-172-31-8-168:~/my-project$ git commit -m "added my first file"
[master (root-commit) 7c8fb45] added my first file
 Committer: Ubuntu <ubuntu@ip-172-31-8-168.us-east-2.compute.internal>
Your name and email address were configured automatically based
on your username and hostname. Please check that they are accurate.
You can suppress this message by setting them explicitly. Run the
following command and follow the instructions in your editor to edit
your configuration file:

    git config --global --edit

After doing this, you may fix the identity used for this commit with:

    git commit --amend --reset-author

 1 file changed, 2 insertions(+)
 create mode 100644 newfile.txt
ubuntu@ip-172-31-8-168:~/my-project$ git status
On branch master
nothing to commit, working tree clean
ubuntu@ip-172-31-8-168:~/my-project$ git branch
* master
ubuntu@ip-172-31-8-168:~/my-project$ git log
commit 7c8fb452026ad17595c744ce0f2ce9103158cd5b (HEAD -> master)
Author: Ubuntu <ubuntu@ip-172-31-8-168.us-east-2.compute.internal>
Date:   Fri Jul 18 07:20:27 2025 +0000

    added my first file
ubuntu@ip-172-31-8-168:~/my-project$ git branch branch1
ubuntu@ip-172-31-8-168:~/my-project$ git status
On branch master
nothing to commit, working tree clean
ubuntu@ip-172-31-8-168:~/my-project$ git checkout 
HEAD      branch1   master    
ubuntu@ip-172-31-8-168:~/my-project$ git checkout 
HEAD      branch1   master    
ubuntu@ip-172-31-8-168:~/my-project$ git checkout branch1 
Switched to branch 'branch1'
ubuntu@ip-172-31-8-168:~/my-project$ vim hello.py
ubuntu@ip-172-31-8-168:~/my-project$ ls
hello.py  newfile.txt
ubuntu@ip-172-31-8-168:~/my-project$ git status
On branch branch1
Untracked files:
  (use "git add <file>..." to include in what will be committed)
	hello.py

nothing added to commit but untracked files present (use "git add" to track)
ubuntu@ip-172-31-8-168:~/my-project$ git add .
ubuntu@ip-172-31-8-168:~/my-project$ git commit -m "added a .py file"
[branch1 ac6caa5] added a .py file
 Committer: Ubuntu <ubuntu@ip-172-31-8-168.us-east-2.compute.internal>
Your name and email address were configured automatically based
on your username and hostname. Please check that they are accurate.
You can suppress this message by setting them explicitly. Run the
following command and follow the instructions in your editor to edit
your configuration file:

    git config --global --edit

After doing this, you may fix the identity used for this commit with:

    git commit --amend --reset-author

 1 file changed, 4 insertions(+)
 create mode 100644 hello.py
ubuntu@ip-172-31-8-168:~/my-project$ git statuts
git: 'statuts' is not a git command. See 'git --help'.

The most similar command is
	status
ubuntu@ip-172-31-8-168:~/my-project$ git status
On branch branch1
nothing to commit, working tree clean
ubuntu@ip-172-31-8-168:~/my-project$ ls
hello.py  newfile.txt
ubuntu@ip-172-31-8-168:~/my-project$ git branch
* branch1
  master
ubuntu@ip-172-31-8-168:~/my-project$ vim newfile.txt
ubuntu@ip-172-31-8-168:~/my-project$ vim newfile.txt
ubuntu@ip-172-31-8-168:~/my-project$ git checkout master 
M	newfile.txt
Switched to branch 'master'
ubuntu@ip-172-31-8-168:~/my-project$ vim newfile.txt 
ubuntu@ip-172-31-8-168:~/my-project$ git status
On branch master
Changes not staged for commit:
  (use "git add <file>..." to update what will be committed)
  (use "git restore <file>..." to discard changes in working directory)
	modified:   newfile.txt

no changes added to commit (use "git add" and/or "git commit -a")
ubuntu@ip-172-31-8-168:~/my-project$ ls
newfile.txt
ubuntu@ip-172-31-8-168:~/my-project$ vim newfile.txt 
ubuntu@ip-172-31-8-168:~/my-project$ git checkout branch1 
M	newfile.txt
Switched to branch 'branch1'
ubuntu@ip-172-31-8-168:~/my-project$ ls
hello.py  newfile.txt
ubuntu@ip-172-31-8-168:~/my-project$ vim newfile.txt 
ubuntu@ip-172-31-8-168:~/my-project$ git commit -m 'added a line"
> ^C
ubuntu@ip-172-31-8-168:~/my-project$ git commit -m "added a line"
On branch branch1
Changes not staged for commit:
  (use "git add <file>..." to update what will be committed)
  (use "git restore <file>..." to discard changes in working directory)
	modified:   newfile.txt

no changes added to commit (use "git add" and/or "git commit -a")
ubuntu@ip-172-31-8-168:~/my-project$ git add .
ubuntu@ip-172-31-8-168:~/my-project$ git commit -m "added a line"
[branch1 3222c09] added a line
 Committer: Ubuntu <ubuntu@ip-172-31-8-168.us-east-2.compute.internal>
Your name and email address were configured automatically based
on your username and hostname. Please check that they are accurate.
You can suppress this message by setting them explicitly. Run the
following command and follow the instructions in your editor to edit
your configuration file:

    git config --global --edit

After doing this, you may fix the identity used for this commit with:

    git commit --amend --reset-author

 1 file changed, 2 insertions(+), 1 deletion(-)
ubuntu@ip-172-31-8-168:~/my-project$ ls
hello.py  newfile.txt
ubuntu@ip-172-31-8-168:~/my-project$ vim newfile.txt 
ubuntu@ip-172-31-8-168:~/my-project$ git checkout master 
Switched to branch 'master'
ubuntu@ip-172-31-8-168:~/my-project$ ls
newfile.txt
ubuntu@ip-172-31-8-168:~/my-project$ vim newfile.txt 
ubuntu@ip-172-31-8-168:~/my-project$ exit
logout
Connection to 3.137.198.48 closed.
minnu@hplaptop-minnu:~/Downloads$ 

